###############################################################################
#
# IAR ELF Linker V7.10.1.6676/W32 for ARM                 27/Dec/2015  17:08:32
# Copyright 2007-2014 IAR Systems AB.
#
#    Output file  =  
#        C:\Users\jamorn\Desktop\Dev\Github\intelligent-car-SMU15\main_program\Prj\IAR\FX15_Debug\Exe\fire_Kinetis.out
#    Map file     =  
#        C:\Users\jamorn\Desktop\Dev\Github\intelligent-car-SMU15\main_program\Prj\IAR\FX15_Debug\List\fire_Kinetis.map
#    Command line =  
#        C:\Users\jamorn\Desktop\Dev\Github\intelligent-car-SMU15\main_program\Prj\IAR\FX15_Debug\Obj\FIRE_key.o
#        C:\Users\jamorn\Desktop\Dev\Github\intelligent-car-SMU15\main_program\Prj\IAR\FX15_Debug\Obj\FIRE_LED.o
#        C:\Users\jamorn\Desktop\Dev\Github\intelligent-car-SMU15\main_program\Prj\IAR\FX15_Debug\Obj\FIRE_MK60_conf.o
#        C:\Users\jamorn\Desktop\Dev\Github\intelligent-car-SMU15\main_program\Prj\IAR\FX15_Debug\Obj\FIRE_MMA7455.o
#        C:\Users\jamorn\Desktop\Dev\Github\intelligent-car-SMU15\main_program\Prj\IAR\FX15_Debug\Obj\FIRE_NRF24L0.o
#        C:\Users\jamorn\Desktop\Dev\Github\intelligent-car-SMU15\main_program\Prj\IAR\FX15_Debug\Obj\FIRE_SCCB.o
#        C:\Users\jamorn\Desktop\Dev\Github\intelligent-car-SMU15\main_program\Lib\CMSIS\iar_cortexM4l_math.a
#        C:\Users\jamorn\Desktop\Dev\Github\intelligent-car-SMU15\main_program\Prj\IAR\FX15_Debug\Obj\lcd.o
#        C:\Users\jamorn\Desktop\Dev\Github\intelligent-car-SMU15\main_program\Prj\IAR\FX15_Debug\Obj\main.o
#        C:\Users\jamorn\Desktop\Dev\Github\intelligent-car-SMU15\main_program\Prj\IAR\FX15_Debug\Obj\misc.o
#        C:\Users\jamorn\Desktop\Dev\Github\intelligent-car-SMU15\main_program\Prj\IAR\FX15_Debug\Obj\MK60_adc.o
#        C:\Users\jamorn\Desktop\Dev\Github\intelligent-car-SMU15\main_program\Prj\IAR\FX15_Debug\Obj\MK60_dma.o
#        C:\Users\jamorn\Desktop\Dev\Github\intelligent-car-SMU15\main_program\Prj\IAR\FX15_Debug\Obj\MK60_DWT.o
#        C:\Users\jamorn\Desktop\Dev\Github\intelligent-car-SMU15\main_program\Prj\IAR\FX15_Debug\Obj\MK60_flash.o
#        C:\Users\jamorn\Desktop\Dev\Github\intelligent-car-SMU15\main_program\Prj\IAR\FX15_Debug\Obj\MK60_ftm.o
#        C:\Users\jamorn\Desktop\Dev\Github\intelligent-car-SMU15\main_program\Prj\IAR\FX15_Debug\Obj\MK60_gpio.o
#        C:\Users\jamorn\Desktop\Dev\Github\intelligent-car-SMU15\main_program\Prj\IAR\FX15_Debug\Obj\MK60_i2c.o
#        C:\Users\jamorn\Desktop\Dev\Github\intelligent-car-SMU15\main_program\Prj\IAR\FX15_Debug\Obj\MK60_it.o
#        C:\Users\jamorn\Desktop\Dev\Github\intelligent-car-SMU15\main_program\Prj\IAR\FX15_Debug\Obj\MK60_lptmr.o
#        C:\Users\jamorn\Desktop\Dev\Github\intelligent-car-SMU15\main_program\Prj\IAR\FX15_Debug\Obj\MK60_mcg.o
#        C:\Users\jamorn\Desktop\Dev\Github\intelligent-car-SMU15\main_program\Prj\IAR\FX15_Debug\Obj\MK60_PIT.o
#        C:\Users\jamorn\Desktop\Dev\Github\intelligent-car-SMU15\main_program\Prj\IAR\FX15_Debug\Obj\MK60_port.o
#        C:\Users\jamorn\Desktop\Dev\Github\intelligent-car-SMU15\main_program\Prj\IAR\FX15_Debug\Obj\MK60_spi.o
#        C:\Users\jamorn\Desktop\Dev\Github\intelligent-car-SMU15\main_program\Prj\IAR\FX15_Debug\Obj\MK60_SysTick.o
#        C:\Users\jamorn\Desktop\Dev\Github\intelligent-car-SMU15\main_program\Prj\IAR\FX15_Debug\Obj\MK60_uart.o
#        C:\Users\jamorn\Desktop\Dev\Github\intelligent-car-SMU15\main_program\Prj\IAR\FX15_Debug\Obj\MK60_wdog.o
#        C:\Users\jamorn\Desktop\Dev\Github\intelligent-car-SMU15\main_program\Prj\IAR\FX15_Debug\Obj\startup_MK60DZ10.o
#        C:\Users\jamorn\Desktop\Dev\Github\intelligent-car-SMU15\main_program\Prj\IAR\FX15_Debug\Obj\SYN6288.o
#        C:\Users\jamorn\Desktop\Dev\Github\intelligent-car-SMU15\main_program\Prj\IAR\FX15_Debug\Obj\system_MK60DZ10.o
#        C:\Users\jamorn\Desktop\Dev\Github\intelligent-car-SMU15\main_program\Prj\IAR\FX15_Debug\Obj\UART.o
#        C:\Users\jamorn\Desktop\Dev\Github\intelligent-car-SMU15\main_program\Prj\IAR\FX15_Debug\Obj\vectors.o
#        -o
#        C:\Users\jamorn\Desktop\Dev\Github\intelligent-car-SMU15\main_program\Prj\IAR\FX15_Debug\Exe\fire_Kinetis.out
#        --map
#        C:\Users\jamorn\Desktop\Dev\Github\intelligent-car-SMU15\main_program\Prj\IAR\FX15_Debug\List\fire_Kinetis.map
#        --config
#        "C:\Users\jamorn\Desktop\Dev\Github\intelligent-car-SMU15\main_program\Prj\IAR\config
#        files\fire_ROM_K60N512.icf" --entry __iar_program_start --redirect
#        __write=__write_buffered --vfe
#
###############################################################################

*******************************************************************************
*** RUNTIME MODEL ATTRIBUTES
***

CppFlavor       = *
__SystemLibrary = DLib


*******************************************************************************
*** PLACEMENT SUMMARY
***

"A1":  place at 0x00000000 { ro section .intvec };
"A2":  place at 0x00000410 { ro section .noinit };
"P1":  place in [from 0x00000000 to 0x00040000] { ro, block CodeRelocate };
"P2":  place in [from 0x1fff0410 to 0x20010000] {
          rw, block CodeRelocateRam, block CSTACK, block HEAP };

  Section              Kind        Address    Size  Object
  -------              ----        -------    ----  ------
"A1":                                        0x410
  .intvec              const    0x00000000   0x410  vectors.o [1]
                              - 0x00000410   0x410

"P1", part 1 of 2:                             0x0
  .rodata              const    0x00000410     0x0  zero_init3.o [5]

"A2":                                          0x8
  .noinit              ro code  0x00000410     0x8  startup_MK60DZ10.o [1]
                              - 0x00000418     0x8

"P1", part 2 of 2:                          0x41d8
  .text                ro code  0x00000418   0xd6e  xprintffull_nomb.o [3]
  .text                ro code  0x00001186    0x22  zero_init3.o [5]
  .text                ro code  0x000011a8    0x16  strchr.o [5]
  .text                ro code  0x000011c0    0x36  strlen.o [5]
  .text                ro code  0x000011f8    0x58  memchr.o [5]
  .text                ro code  0x00001250    0xee  I64DivMod.o [5]
  .text                ro code  0x00001340    0x76  ABImemcpy_unaligned.o [5]
  .text                ro code  0x000013b6    0x42  xdnorm.o [4]
  .text                ro code  0x000013f8    0x2e  DblCmpLe.o [4]
  .text                ro code  0x00001428    0x2e  DblCmpGe.o [4]
  .text                ro code  0x00001458   0x114  xdscale.o [4]
  .text                ro code  0x0000156c    0x58  DblToI32.o [4]
  .text                ro code  0x000015c4    0x30  I32ToDbl.o [4]
  .text                ro code  0x000015f4   0x180  DblSub.o [4]
  .text                ro code  0x00001774   0x1a2  DblMul.o [4]
  .text                ro code  0x00001918   0x246  DblDiv.o [4]
  .text                ro code  0x00001b60    0x6c  localeconv.o [3]
  .text                ro code  0x00001bcc     0xe  div.o [3]
  .text                ro code  0x00001bdc     0x2  I64DivZer.o [5]
  .text                ro code  0x00001be0    0xd4  DblAdd.o [4]
  .text                ro code  0x00001cb4     0x2  xtls.o [3]
  .data_init                    0x00001cb8   0x828  <Block>
    Initializer bytes  ro data  0x00001cb8   0x828  <for .data-1>
  .text                ro code  0x000024e0   0x432  lcd.o [1]
  Veneer               ro code  0x00002914     0x8  - Linker created -
  .text                ro code  0x0000291c   0x3b8  MK60_mcg.o [1]
  .text                ro code  0x00002cd4   0x33c  main.o [1]
  .text                ro code  0x00003010   0x128  MK60_gpio.o [1]
  .text                ro code  0x00003138   0x2b0  MK60_ftm.o [1]
  .text                ro code  0x000033e8   0x244  MK60_uart.o [1]
  .text                ro code  0x0000362c    0xec  MK60_port.o [1]
  .text                ro code  0x00003718    0x50  misc.o [1]
  .text                ro code  0x00003768   0x260  MK60_dma.o [1]
  .text                ro code  0x000039c8    0x48  MK60_SysTick.o [1]
  Veneer               ro code  0x00003a10     0x8  - Linker created -
  Veneer               ro code  0x00003a18     0x8  - Linker created -
  .text                ro code  0x00003a20   0x118  FIRE_MK60_conf.o [1]
  .text                ro code  0x00003b38    0x24  printf.o [3]
  .text                ro code  0x00003b5c    0x9c  FIRE_key.o [1]
  .text                ro code  0x00003bf8    0x50  FIRE_LED.o [1]
  .text                ro code  0x00003c48    0x78  MK60_DWT.o [1]
  .rodata              const    0x00003cc0   0x228  lcd.o [1]
  CodeRelocate                  0x00003ee8   0x1e0  <Block>
    Initializer bytes  ro data  0x00003ee8   0x1e0  <for CodeRelocateRam-1>
  .text                ro code  0x000040c8   0x124  system_MK60DZ10.o [1]
  .text                ro code  0x000041ec    0x40  MK60_wdog.o [1]
  .rodata              const    0x0000422c    0x48  MK60_flash.o [1]
  .rodata              const    0x00004274    0x48  MK60_gpio.o [1]
  .rodata              const    0x000042bc    0x48  MK60_SysTick.o [1]
  .rodata              const    0x00004304    0x48  MK60_uart.o [1]
  .rodata              const    0x0000434c    0x44  MK60_dma.o [1]
  .rodata              const    0x00004390    0x44  MK60_ftm.o [1]
  .rodata              const    0x000043d4    0x40  misc.o [1]
  .rodata              const    0x00004414    0x3c  FIRE_MK60_conf.o [1]
  .text                ro code  0x00004450    0x28  data_init.o [5]
  .rodata              const    0x00004478    0x24  FIRE_MK60_conf.o [1]
  .iar.init_table      const    0x0000449c    0x10  - Linker created -
  .rodata              const    0x000044ac    0x20  FIRE_MK60_conf.o [1]
  .text                ro code  0x000044cc    0x1a  fpinit_M.o [4]
  .text                ro code  0x000044e8    0x1a  cmain.o [5]
  .text                ro code  0x00004502     0x4  low_level_init.o [3]
  .text                ro code  0x00004506     0x4  exit.o [3]
  .text                ro code  0x0000450c     0xa  cexit.o [5]
  .text                ro code  0x00004518     0xc  XXexit.o [5]
  .text                ro code  0x00004524    0x16  xprout.o [3]
  .text                ro code  0x0000453c     0xc  putchar.o [3]
  .rodata              const    0x00004548    0x14  FIRE_MK60_conf.o [1]
  .text                ro code  0x0000455c     0xc  cstartup_M.o [5]
  Initializer bytes    ro data  0x00004568    0x88  <for P2 s0>
                              - 0x000045f0  0x41d8

"P2", part 1 of 3:                           0xa08
  .data                         0x1fff0410   0x828  <Block>
    .data-1                     0x1fff0410   0x828  <Init block>
      .data            inited   0x1fff0410     0x8  FIRE_key.o [1]
      .data            inited   0x1fff0418     0x4  FIRE_LED.o [1]
      .data            inited   0x1fff041c   0x708  FIRE_MK60_conf.o [1]
      .data            inited   0x1fff0b24     0x1  main.o [1]
      .data            inited   0x1fff0b28    0x28  main.o [1]
      .data            inited   0x1fff0b50     0xc  MK60_ftm.o [1]
      .data            inited   0x1fff0b5c    0x14  MK60_gpio.o [1]
      .data            inited   0x1fff0b70    0x58  MK60_mcg.o [1]
      .data            inited   0x1fff0bc8     0x4  MK60_mcg.o [1]
      .data            inited   0x1fff0bcc    0x14  MK60_port.o [1]
      .data            inited   0x1fff0be0    0x18  MK60_uart.o [1]
      .data            inited   0x1fff0bf8    0x40  xfiles.o [3]
  CodeRelocateRam               0x1fff0c38   0x1e0  <Block>
    CodeRelocateRam-1           0x1fff0c38   0x1e0  <Init block>
      Veneer           inited   0x1fff0c38     0x8  - Linker created -
      .textrw          inited   0x1fff0c40   0x188  MK60_flash.o [1]
      .textrw          inited   0x1fff0dc8    0x50  MK60_mcg.o [1]
                              - 0x1fff0e18   0xa08

"P2", part 2 of 3:                          0x2d04
  .bss                          0x1fff0e18  0x2d02  <Block>
    .bss               zero     0x1fff0e18   0x400  lcd.o [1]
    .bss               zero     0x1fff1218  0x28a0  main.o [1]
    .bss               zero     0x1fff3ab8     0x4  system_MK60DZ10.o [1]
    .bss               zero     0x1fff3abc     0x4  system_MK60DZ10.o [1]
    .bss               zero     0x1fff3ac0     0x4  system_MK60DZ10.o [1]
    .bss               zero     0x1fff3ac4    0x50  xfiles.o [3]
    .bss               zero     0x1fff3b14     0x2  main.o [1]
    .bss               zero     0x1fff3b16     0x2  main.o [1]
    .bss               zero     0x1fff3b18     0x1  main.o [1]
    .bss               zero     0x1fff3b19     0x1  main.o [1]
                              - 0x1fff3b1a  0x2d02

"P2", part 3 of 3:                            0x88
  P2 s0                         0x1fff3b1c    0x88  <Init block>
    __DLIB_PERTHREAD   inited   0x1fff3b1c    0x88  localeconv.o [3]
                              - 0x1fff3ba4    0x88


*******************************************************************************
*** INIT TABLE
***

          Address     Size
          -------     ----
Zero (__iar_zero_init3)
    1 destination range, total size 0x2d02:
          0x1fff0e18  0x2d02



*******************************************************************************
*** MODULE SUMMARY
***

    Module                 ro code  rw code  ro data  rw data
    ------                 -------  -------  -------  -------
C:\Users\jamorn\Desktop\Dev\Github\intelligent-car-SMU15\main_program\Prj\IAR\FX15_Debug\Obj: [1]
    FIRE_LED.o                  80                 4        4
    FIRE_MK60_conf.o           280             1 948    1 800
    FIRE_key.o                 156                 8        8
    MK60_DWT.o                 120
    MK60_SysTick.o              72                72
    MK60_dma.o                 608                68
    MK60_flash.o                        392      464
    MK60_ftm.o                 688                80       12
    MK60_gpio.o                296                92       20
    MK60_mcg.o                 952       80      172       92
    MK60_port.o                236                20       20
    MK60_uart.o                580                96       24
    MK60_wdog.o                 64
    lcd.o                    1 074               552    1 024
    main.o                     828                44   10 447
    misc.o                      80                64
    startup_MK60DZ10.o           8
    system_MK60DZ10.o          292                         12
    vectors.o                                  1 040
    ---------------------------------------------------------
    Total:                   6 414      472    4 724   13 463

command line: [2]
    ---------------------------------------------------------
    Total:

dl7M_tlf.a: [3]
    div.o                       14
    exit.o                       4
    localeconv.o               108               136      136
    low_level_init.o             4
    printf.o                    36
    putchar.o                   12
    xfiles.o                                      64      144
    xprintffull_nomb.o       3 438
    xprout.o                    22
    xtls.o                       2
    ---------------------------------------------------------
    Total:                   3 640               200      280

m7M_tlv.a: [4]
    DblAdd.o                   212
    DblCmpGe.o                  46
    DblCmpLe.o                  46
    DblDiv.o                   582
    DblMul.o                   418
    DblSub.o                   384
    DblToI32.o                  88
    I32ToDbl.o                  48
    fpinit_M.o                  26
    xdnorm.o                    66
    xdscale.o                  276
    ---------------------------------------------------------
    Total:                   2 192

rt7M_tl.a: [5]
    ABImemcpy_unaligned.o      118
    I64DivMod.o                238
    I64DivZer.o                  2
    XXexit.o                    12
    cexit.o                     10
    cmain.o                     26
    cstartup_M.o                12
    data_init.o                 40
    memchr.o                    88
    strchr.o                    22
    strlen.o                    54
    zero_init3.o                34
    ---------------------------------------------------------
    Total:                     656

    Gaps                        28                          3
    Linker created              24        8       24
-------------------------------------------------------------
    Grand Total:            12 954      480    4 948   13 746


*******************************************************************************
*** ENTRY LIST
***

Entry                      Address    Size  Type      Object
-----                      -------    ----  ----      ------
.bss$$Base              0x1fff0e18           --   Gb  - Linker created -
.bss$$Limit             0x1fff3b1a           --   Gb  - Linker created -
.data$$Base             0x1fff0410           --   Gb  - Linker created -
.data$$Limit            0x1fff0c38           --   Gb  - Linker created -
.data_init$$Base        0x00001cb8           --   Gb  - Linker created -
.data_init$$Limit       0x000024e0           --   Gb  - Linker created -
?main                   0x000044e9          Code  Gb  cmain.o [5]
ASSERT_FAILED_STR       0x00004478    0x24  Data  Gb  FIRE_MK60_conf.o [1]
CodeRelocate$$Base      0x00003ee8           --   Gb  - Linker created -
CodeRelocate$$Limit     0x000040c8           --   Gb  - Linker created -
CodeRelocateRam$$Base   0x1fff0c38           --   Gb  - Linker created -
CodeRelocateRam$$Limit  0x1fff0e18           --   Gb  - Linker created -
F6x8                    0x00003cc0   0x228  Data  Gb  lcd.o [1]
FTMN                    0x1fff0b50     0xc  Data  Gb  MK60_ftm.o [1]
FTM_PWM_init            0x00003139   0x29c  Code  Gb  MK60_ftm.o [1]
GPIOX                   0x1fff0b5c    0x14  Data  Gb  MK60_gpio.o [1]
HS                      0x1fff3b16     0x2  Data  Gb  main.o [1]
KEY_PTxn                0x1fff0410     0x8  Data  Gb  FIRE_key.o [1]
LCD_DLY_ms              0x00002643    0x1c  Code  Gb  lcd.o [1]
LCD_Fill                0x00002603    0x40  Code  Gb  lcd.o [1]
LCD_Init                0x0000265f   0x122  Code  Gb  lcd.o [1]
LCD_Set_Pos             0x000025db    0x28  Code  Gb  lcd.o [1]
LCD_Show_Number         0x0000289d    0x76  Code  Gb  lcd.o [1]
LCD_WrCmd               0x00002561    0x7a  Code  Gb  lcd.o [1]
LCD_WrDat               0x000024e1    0x7e  Code  Gb  lcd.o [1]
LCD_write_char          0x00002841    0x38  Code  Gb  lcd.o [1]
LED_PTxn                0x1fff0418     0x4  Data  Gb  FIRE_LED.o [1]
LED_init                0x00002cfd    0x30  Code  Gb  main.o [1]
NVIC_DisableIRQ         0x00002ce9    0x14  Code  Lc  main.o [1]
NVIC_EnableIRQ          0x00002cd5    0x14  Code  Lc  main.o [1]
NVIC_SystemReset        0x00003a21    0x1a  Code  Lc  FIRE_MK60_conf.o [1]
OLED_DrawPoint          0x000027c9    0x78  Code  Gb  lcd.o [1]
OLED_GRAM               0x1fff0e18   0x400  Data  Gb  lcd.o [1]
OLED_Refresh_Gram       0x00002781    0x48  Code  Gb  lcd.o [1]
PORTX                   0x1fff0bcc    0x14  Data  Gb  MK60_port.o [1]
Region$$Table$$Base     0x0000449c           --   Gb  - Linker created -
Region$$Table$$Limit    0x000044ac           --   Gb  - Linker created -
Reset_Handler           0x00000411          Code  Gb  startup_MK60DZ10.o [1]
UARTN                   0x1fff0be0    0x18  Data  Gb  MK60_uart.o [1]
VS                      0x1fff3b14     0x2  Data  Gb  main.o [1]
V_Cnt                   0x1fff3b18     0x1  Data  Gb  main.o [1]
_GenldFullNoMb          0x00000ef5   0x24a  Code  Lc  xprintffull_nomb.o [3]
_LdtobFullNoMb          0x00000b09   0x3e6  Code  Lc  xprintffull_nomb.o [3]
_LitobFullNoMb          0x00000a01   0x106  Code  Lc  xprintffull_nomb.o [3]
_Locale_aeabi_lconv     0x1fff3b6c    0x38  Data  Gb  localeconv.o [3]
_Locale_lconv           0x1fff3b1c    0x50  Data  Gb  localeconv.o [3]
_PrintfFullNoMb         0x00000419   0x5e2  Code  Gb  xprintffull_nomb.o [3]
_Prout                  0x00004525    0x16  Code  Gb  xprout.o [3]
_PutcharsFullNoMb       0x0000113f    0x2e  Code  Lc  xprintffull_nomb.o [3]
__BOOT_STACK_ADDRESS {Abs}
                        0x2000fff8           --   Gb  command line/config [2]
__VECTOR_RAM {Abs}      0x1fff0000           --   Gb  command line/config [2]
__VECTOR_TABLE {Abs}    0x00000000           --   Gb  command line/config [2]
__aeabi_cdcmple         0x000013f9          Code  Gb  DblCmpLe.o [4]
__aeabi_cdrcmple        0x00001429          Code  Gb  DblCmpGe.o [4]
__aeabi_d2iz            0x0000156d          Code  Gb  DblToI32.o [4]
__aeabi_d2uiz           0x00001599          Code  Gb  DblToI32.o [4]
__aeabi_ddiv            0x00001919          Code  Gb  DblDiv.o [4]
__aeabi_dmul            0x00001775          Code  Gb  DblMul.o [4]
__aeabi_dsub            0x000015f5          Code  Gb  DblSub.o [4]
__aeabi_i2d             0x000015c5          Code  Gb  I32ToDbl.o [4]
__aeabi_ldiv0           0x00001bdd          Code  Gb  I64DivZer.o [5]
__aeabi_ui2d            0x000015d9          Code  Gb  I32ToDbl.o [4]
__aeabi_uldivmod        0x00001251          Code  Gb  I64DivMod.o [5]
__cmain                 0x000044e9          Code  Gb  cmain.o [5]
__code_start__ {Abs}    0x00000410           --   Gb  command line/config [2]
__exit                  0x00004519          Code  Gb  XXexit.o [5]
__iar_Dnorm             0x000013b7    0x42  Code  Gb  xdnorm.o [4]
__iar_Dscale            0x00001459   0x114  Code  Gb  xdscale.o [4]
__iar_Locale_lconv_init
                        0x00001b61    0x3a  Code  Gb  localeconv.o [3]
__iar_Memchr            0x000011f9          Code  Gb  memchr.o [5]
__iar_Stdout            0x1fff0bf8    0x40  Data  Gb  xfiles.o [3]
__iar_Strchr            0x000011a9          Code  Gb  strchr.o [5]
__iar_d2uiz             0x000015a5          Code  Gb  DblToI32.o [4]
__iar_dadd              0x00001be1          Code  Gb  DblAdd.o [4]
__iar_data_init3        0x00004451    0x28  Code  Gb  data_init.o [5]
__iar_dlib_perthread_access
                        0x00001cb5     0x2  Code  Gb  xtls.o [3]
__iar_dsub              0x00001609          Code  Gb  DblSub.o [4]
__iar_dsubStart         0x0000161b          Code  Gb  DblSub.o [4]
__iar_init_vfp          0x000044cd          Code  Gb  fpinit_M.o [4]
__iar_program_start     0x0000455d          Code  Gb  cstartup_M.o [5]
__iar_ui2d              0x000015dd          Code  Gb  I32ToDbl.o [4]
__iar_unaligned___aeabi_memcpy
                        0x00001341          Code  Gb  ABImemcpy_unaligned.o [5]
__iar_unaligned___aeabi_memcpy4
                        0x00001361          Code  Gb  ABImemcpy_unaligned.o [5]
__iar_unaligned___aeabi_memcpy8
                        0x00001361          Code  Gb  ABImemcpy_unaligned.o [5]
__iar_zero_init3        0x00001187    0x22  Code  Gb  zero_init3.o [5]
__low_level_init        0x00004503     0x4  Code  Gb  low_level_init.o [3]
__vector_table          0x00000000   0x410  Data  Gb  vectors.o [1]
_call_main              0x000044f5          Code  Gb  cmain.o [5]
_exit                   0x0000450d          Code  Gb  cexit.o [5]
_main                   0x000044ff          Code  Gb  cmain.o [5]
assert_failed           0x00003a3b    0x12  Code  Gb  FIRE_MK60_conf.o [1]
bus_clk_khz             0x1fff3ac0     0x4  Data  Gb  system_MK60DZ10.o [1]
common_startup          0x0000411d    0x98  Code  Gb  system_MK60DZ10.o [1]
core_clk_khz            0x1fff3ab8     0x4  Data  Gb  system_MK60DZ10.o [1]
core_clk_mhz            0x1fff3abc     0x4  Data  Gb  system_MK60DZ10.o [1]
default_isr             0x00003afb    0x1c  Code  Gb  FIRE_MK60_conf.o [1]
div                     0x00001bcd     0xe  Code  Gb  div.o [3]
dma_portx2buff_init     0x00003769   0x260  Code  Gb  MK60_dma.o [1]
dwt_delay_ms            0x00003ca9    0x18  Code  Gb  MK60_DWT.o [1]
dwt_delay_us            0x00003c49    0x4e  Code  Gb  MK60_DWT.o [1]
exit                    0x00004507     0x4  Code  Gb  exit.o [3]
exti_init               0x000036a7    0x64  Code  Gb  MK60_port.o [1]
flash_cmd               0x1fff0c41    0x20  Code  Gb  MK60_flash.o [1]
flash_erase_sector      0x1fff0c7d    0x5c  Code  Gb  MK60_flash.o [1]
flash_init              0x1fff0c61    0x1c  Code  Gb  MK60_flash.o [1]
flash_write             0x1fff0cd9    0xb4  Code  Gb  MK60_flash.o [1]
fputc                   0x00003a4d    0x14  Code  Gb  FIRE_MK60_conf.o [1]
gpio_get                0x000030f7    0x3a  Code  Gb  MK60_gpio.o [1]
gpio_init               0x00003011    0xae  Code  Gb  MK60_gpio.o [1]
gpio_turn               0x000030bf    0x38  Code  Gb  MK60_gpio.o [1]
img_flag                0x1fff0b24     0x1  Data  Gb  main.o [1]
imgbuff                 0x1fff1218  0x28a0  Data  Gb  main.o [1]
key_check               0x00003bc9    0x2a  Code  Gb  FIRE_key.o [1]
key_get                 0x00003baf    0x1a  Code  Gb  FIRE_key.o [1]
key_init                0x00003b5d    0x52  Code  Gb  FIRE_key.o [1]
led_init                0x00003bf9    0x3a  Code  Gb  FIRE_LED.o [1]
led_turn                0x00003c33    0x10  Code  Gb  FIRE_LED.o [1]
localeconv              0x00001b9b    0x16  Code  Gb  localeconv.o [3]
main                    0x00002d2d   0x1ea  Code  Gb  main.o [1]
mcg_cfg                 0x1fff0b70    0x58  Data  Gb  MK60_mcg.o [1]
mcg_div                 0x1fff0bc8     0x4  Data  Gb  MK60_mcg.o [1]
mcg_div_count           0x0000291d   0x2e8  Code  Gb  MK60_mcg.o [1]
memchr                  0x000011f9          Code  Gb  memchr.o [5]
num                     0x1fff3b19     0x1  Data  Gb  main.o [1]
obuf                    0x1fff3ac4    0x50  Data  Lc  xfiles.o [3]
pll_init                0x00002c05    0xb2  Code  Gb  MK60_mcg.o [1]
port_init               0x0000362d    0x2e  Code  Gb  MK60_port.o [1]
port_init_NoALT         0x0000365b    0x4c  Code  Gb  MK60_port.o [1]
portb_handler           0x00002f19    0x72  Code  Gb  main.o [1]
portc_handler           0x00002f8d    0x48  Code  Gb  main.o [1]
printf                  0x00003b39    0x24  Code  Gb  printf.o [3]
putchar                 0x0000453d     0xc  Code  Gb  putchar.o [3]
set_sys_dividers        0x1fff0dc9    0x50  Code  Gb  MK60_mcg.o [1]
set_vector_handler      0x0000373b    0x22  Code  Gb  misc.o [1]
start                   0x000040c9    0x18  Code  Gb  system_MK60DZ10.o [1]
start_check             0x00003a61    0x9a  Code  Gb  FIRE_MK60_conf.o [1]
strchr                  0x000011a9          Code  Gb  strchr.o [5]
strlen                  0x000011c1          Code  Gb  strlen.o [5]
sysinit                 0x000040e1    0x3c  Code  Gb  system_MK60DZ10.o [1]
systick_delay           0x000039c9    0x36  Code  Gb  MK60_SysTick.o [1]
sz                      0x1fff0b28    0x28  Data  Gb  main.o [1]
uart_init               0x000033e9   0x212  Code  Gb  MK60_uart.o [1]
uart_putchar            0x000035fb    0x1a  Code  Gb  MK60_uart.o [1]
vector_str              0x1fff041c   0x708  Data  Gb  FIRE_MK60_conf.o [1]
wdog_disable            0x000041ed    0x16  Code  Gb  MK60_wdog.o [1]
wdog_unlock             0x00004205    0x20  Code  Lc  MK60_wdog.o [1]
write_vtor              0x00003719    0x22  Code  Gb  misc.o [1]


[1] = C:\Users\jamorn\Desktop\Dev\Github\intelligent-car-SMU15\main_program\Prj\IAR\FX15_Debug\Obj
[2] = command line
[3] = dl7M_tlf.a
[4] = m7M_tlv.a
[5] = rt7M_tl.a

  12 954 bytes of readonly  code memory
     480 bytes of readwrite code memory
   4 948 bytes of readonly  data memory
  13 746 bytes of readwrite data memory

Errors: none
Warnings: none
